ðŸŒŸ This was machine generated.  Do not edit. ðŸŒŸ
====== TEST DATA RESPONSE (arrow base64) ======
